// Jest Snapshot v1, https://goo.gl/fbAQLP

exports[`Dashboard will match the snapshot 1`] = `
Object {
  "asFragment": [Function],
  "baseElement": <body>
    <div>
      <div
        class="p-3 container"
      >
        <ul
          class="nav nav-tabs"
          role="tablist"
        >
          <li
            class="nav-item"
            role="presentation"
          >
            <button
              aria-controls="react-aria4716161682-1-tabpane-new"
              aria-selected="true"
              class="nav-link active"
              data-rr-ui-event-key="new"
              id="react-aria4716161682-1-tab-new"
              role="tab"
              type="button"
            >
              Unanswered Questions
            </button>
          </li>
          <li
            class="nav-item"
            role="presentation"
          >
            <button
              aria-controls="react-aria4716161682-1-tabpane-done"
              aria-selected="false"
              class="nav-link"
              data-rr-ui-event-key="done"
              id="react-aria4716161682-1-tab-done"
              role="tab"
              tabindex="-1"
              type="button"
            >
              Answered Questions
            </button>
          </li>
          <li
            class="nav-item"
            role="presentation"
          >
            <button
              aria-controls="react-aria4716161682-1-tabpane-all"
              aria-selected="false"
              class="nav-link"
              data-rr-ui-event-key="all"
              id="react-aria4716161682-1-tab-all"
              role="tab"
              tabindex="-1"
              type="button"
            >
              All
            </button>
          </li>
        </ul>
        <div
          class="tab-content"
        >
          <div
            aria-labelledby="react-aria4716161682-1-tab-new"
            class="fade tab-pane active show"
            id="react-aria4716161682-1-tabpane-new"
            role="tabpanel"
          >
            <div
              class="container"
            >
              <div
                class="border border-1 border-top-0 px-3 py-4 row"
              >
                <div
                  class="col"
                >
                  <div
                    class="g-4 p-3 row row-cols-lg-3 row-cols-md-2"
                  />
                </div>
              </div>
            </div>
          </div>
          <div
            aria-labelledby="react-aria4716161682-1-tab-done"
            class="fade tab-pane"
            id="react-aria4716161682-1-tabpane-done"
            role="tabpanel"
          >
            <div
              class="container"
            >
              <div
                class="border border-1 border-top-0 px-3 py-4 row"
              >
                <div
                  class="col"
                >
                  <div
                    class="g-4 p-3 row row-cols-lg-3 row-cols-md-2"
                  />
                </div>
              </div>
            </div>
          </div>
          <div
            aria-labelledby="react-aria4716161682-1-tab-all"
            class="fade tab-pane"
            id="react-aria4716161682-1-tabpane-all"
            role="tabpanel"
          >
            <div
              class="container"
            >
              <div
                class="border border-1 border-top-0 px-3 py-4 row"
              >
                <div
                  class="col"
                >
                  <div
                    class="g-4 p-3 row row-cols-lg-3 row-cols-md-2"
                  />
                </div>
              </div>
            </div>
          </div>
        </div>
      </div>
    </div>
  </body>,
  "container": <div>
    <div
      class="p-3 container"
    >
      <ul
        class="nav nav-tabs"
        role="tablist"
      >
        <li
          class="nav-item"
          role="presentation"
        >
          <button
            aria-controls="react-aria4716161682-1-tabpane-new"
            aria-selected="true"
            class="nav-link active"
            data-rr-ui-event-key="new"
            id="react-aria4716161682-1-tab-new"
            role="tab"
            type="button"
          >
            Unanswered Questions
          </button>
        </li>
        <li
          class="nav-item"
          role="presentation"
        >
          <button
            aria-controls="react-aria4716161682-1-tabpane-done"
            aria-selected="false"
            class="nav-link"
            data-rr-ui-event-key="done"
            id="react-aria4716161682-1-tab-done"
            role="tab"
            tabindex="-1"
            type="button"
          >
            Answered Questions
          </button>
        </li>
        <li
          class="nav-item"
          role="presentation"
        >
          <button
            aria-controls="react-aria4716161682-1-tabpane-all"
            aria-selected="false"
            class="nav-link"
            data-rr-ui-event-key="all"
            id="react-aria4716161682-1-tab-all"
            role="tab"
            tabindex="-1"
            type="button"
          >
            All
          </button>
        </li>
      </ul>
      <div
        class="tab-content"
      >
        <div
          aria-labelledby="react-aria4716161682-1-tab-new"
          class="fade tab-pane active show"
          id="react-aria4716161682-1-tabpane-new"
          role="tabpanel"
        >
          <div
            class="container"
          >
            <div
              class="border border-1 border-top-0 px-3 py-4 row"
            >
              <div
                class="col"
              >
                <div
                  class="g-4 p-3 row row-cols-lg-3 row-cols-md-2"
                />
              </div>
            </div>
          </div>
        </div>
        <div
          aria-labelledby="react-aria4716161682-1-tab-done"
          class="fade tab-pane"
          id="react-aria4716161682-1-tabpane-done"
          role="tabpanel"
        >
          <div
            class="container"
          >
            <div
              class="border border-1 border-top-0 px-3 py-4 row"
            >
              <div
                class="col"
              >
                <div
                  class="g-4 p-3 row row-cols-lg-3 row-cols-md-2"
                />
              </div>
            </div>
          </div>
        </div>
        <div
          aria-labelledby="react-aria4716161682-1-tab-all"
          class="fade tab-pane"
          id="react-aria4716161682-1-tabpane-all"
          role="tabpanel"
        >
          <div
            class="container"
          >
            <div
              class="border border-1 border-top-0 px-3 py-4 row"
            >
              <div
                class="col"
              >
                <div
                  class="g-4 p-3 row row-cols-lg-3 row-cols-md-2"
                />
              </div>
            </div>
          </div>
        </div>
      </div>
    </div>
  </div>,
  "debug": [Function],
  "findAllByAltText": [Function],
  "findAllByDisplayValue": [Function],
  "findAllByLabelText": [Function],
  "findAllByPlaceholderText": [Function],
  "findAllByRole": [Function],
  "findAllByTestId": [Function],
  "findAllByText": [Function],
  "findAllByTitle": [Function],
  "findByAltText": [Function],
  "findByDisplayValue": [Function],
  "findByLabelText": [Function],
  "findByPlaceholderText": [Function],
  "findByRole": [Function],
  "findByTestId": [Function],
  "findByText": [Function],
  "findByTitle": [Function],
  "getAllByAltText": [Function],
  "getAllByDisplayValue": [Function],
  "getAllByLabelText": [Function],
  "getAllByPlaceholderText": [Function],
  "getAllByRole": [Function],
  "getAllByTestId": [Function],
  "getAllByText": [Function],
  "getAllByTitle": [Function],
  "getByAltText": [Function],
  "getByDisplayValue": [Function],
  "getByLabelText": [Function],
  "getByPlaceholderText": [Function],
  "getByRole": [Function],
  "getByTestId": [Function],
  "getByText": [Function],
  "getByTitle": [Function],
  "queryAllByAltText": [Function],
  "queryAllByDisplayValue": [Function],
  "queryAllByLabelText": [Function],
  "queryAllByPlaceholderText": [Function],
  "queryAllByRole": [Function],
  "queryAllByTestId": [Function],
  "queryAllByText": [Function],
  "queryAllByTitle": [Function],
  "queryByAltText": [Function],
  "queryByDisplayValue": [Function],
  "queryByLabelText": [Function],
  "queryByPlaceholderText": [Function],
  "queryByRole": [Function],
  "queryByTestId": [Function],
  "queryByText": [Function],
  "queryByTitle": [Function],
  "rerender": [Function],
  "unmount": [Function],
}
`;
